<html>
<body>
<pre>
<h1>µVision Build Log</h1>
<h2>Tool Versions:</h2>
IDE-Version: uVision V5.24.2.0
Copyright (C) 2017 ARM Ltd and ARM Germany GmbH. All rights reserved.
License Information: Wa'l'ly Lin, 1, LIC=SDA0P-M4RPN-VE1HA-18WBD-UYXSW-VVV2Q
 
Tool Versions:
Toolchain:       MDK-ARM Plus  Version: 5.24.1
Toolchain Path:  C:\Keil_v5\ARM\ARMCC\Bin
C Compiler:      Armcc.exe V5.06 update 5 (build 528)
Assembler:       Armasm.exe V5.06 update 5 (build 528)
Linker/Locator:  ArmLink.exe V5.06 update 5 (build 528)
Library Manager: ArmAr.exe V5.06 update 5 (build 528)
Hex Converter:   FromElf.exe V5.06 update 5 (build 528)
CPU DLL:         SARMCM3.DLL V5.24.1
Dialog DLL:      DCM.DLL V1.16.0.0
Target DLL:      STLink\ST-LINKIII-KEIL_SWO.dll V3.0.1.0
Dialog DLL:      TCM.DLL V1.32.0.0
 
<h2>Project:</h2>
H:\Projects\STM_32_Project\MODBUR RTU Ω” ’\Project.uvprojx
Project File Date:  07/28/2023

<h2>Output:</h2>
*** Using Compiler 'V5.06 update 5 (build 528)', folder: 'C:\Keil_v5\ARM\ARMCC\Bin'
Build target 'Target 1'
compiling main.c...
.\Hardware\Key.h(7): warning:  #1295-D: Deprecated declaration Key_GetNum - give arg types
  uint8_t Key_GetNum();
.\Hardware\Key.h(11): warning:  #1-D: last line of file ends without a newline
  #endif
User\main.c(19): warning:  #69-D: integer conversion resulted in truncation
  	Timer_Init(72000 - 1,	4000 - 1);					// ?????????????????????????Ä?
User\main.c(26): warning:  #223-D: function "configure_input_capture" declared implicitly
      configure_input_capture();
User\main.c(45): warning:  #223-D: function "Data_Resolve" declared implicitly
  			Data_Resolve();
User\main.c(57): warning:  #1-D: last line of file ends without a newline
     
User\main.c: 6 warnings, 0 errors
compiling Modbus.c...
linking...
Program Size: Code=4012 RO-data=1808 RW-data=40 ZI-data=1424  
".\Objects\Project.axf" - 0 Error(s), 6 Warning(s).

<h2>Software Packages used:</h2>

Package Vendor: Keil
                http://www.keil.com/pack/Keil.STM32F1xx_DFP.2.2.0.pack
                Keil.STM32F1xx_DFP.2.2.0
                STMicroelectronics STM32F1 Series Device Support, Drivers and Examples

<h2>Collection of Component include folders:</h2>
  .\RTE\_Target_1
  C:\Keil_v5\ARM\PACK\Keil\STM32F1xx_DFP\2.2.0\Device\Include

<h2>Collection of Component Files used:</h2>
Build Time Elapsed:  00:00:02
</pre>
</body>
</html>
